// Jest Snapshot v1, https://goo.gl/fbAQLP

exports[`<GithubRepoForm /> should match the snapshot 1`] = `
.c3 {
  text-transform: uppercase;
  font-weight: normal;
  margin: 0;
  padding: 0;
  color: rgba(58,52,51,0.7);
  font-size: 0.75rem;
}

.c6 {
  border: 2px solid rgba(58,52,51,0.12);
  border-radius: 4px;
  color: rgba(58,52,51,1);
  display: block;
  width: 100%;
  font-size: 1rem;
  font-weight: 500;
  line-height: 1.5;
  color: rgba(58,52,51,1);
  background-color: rgba(255,255,255,1);
  -webkit-transition: border-color 0.15s ease-in-out,box-shadow 0.15s ease-in-out;
  transition: border-color 0.15s ease-in-out,box-shadow 0.15s ease-in-out;
  outline: none;
  height: 2.75rem;
  padding: 0 0.75rem;
}

.c6::-webkit-input-placeholder {
  font-weight: 300;
  color: rgba(58,52,51,0.7);
}

.c6::-moz-placeholder {
  font-weight: 300;
  color: rgba(58,52,51,0.7);
}

.c6:-ms-input-placeholder {
  font-weight: 300;
  color: rgba(58,52,51,0.7);
}

.c6::placeholder {
  font-weight: 300;
  color: rgba(58,52,51,0.7);
}

.c6:focus {
  border-color: rgba(215,113,88,1);
  box-shadow: 0 0 0 3px rgba(215,113,88,0.2);
}

.c0 .TextButton-b1pz3m-0 {
  margin: 16px 0;
  font-size: 0.875rem;
}

.c4 {
  display: -webkit-box;
  display: -webkit-flex;
  display: -ms-flexbox;
  display: flex;
  -webkit-align-items: center;
  -webkit-box-align: center;
  -ms-flex-align: center;
  align-items: center;
}

.c4 .c5 {
  width: 33.333333333333336%;
  margin-right: 0.5rem;
}

.c1 {
  display: -webkit-box;
  display: -webkit-flex;
  display: -ms-flexbox;
  display: flex;
  -webkit-flex-direction: column;
  -ms-flex-direction: column;
  flex-direction: column;
  margin-bottom: 1rem;
}

.c1 .c2 {
  margin-bottom: 0.25rem;
  margin-left: 0.125rem;
}

<div
  class="c0"
>
  <form
    class="c1"
  >
    <label
      class="c2 c3"
    >
      Github Username
    </label>
    <div
      class="c4"
    >
      <input
        class="c5 c6"
        placeholder="Type any Github username"
        type="text"
        value="react-boilerplate"
      />
    </div>
  </form>
</div>
`;
