// Jest Snapshot v1, https://goo.gl/fbAQLP

exports[`<RepoItem /> should match the snapshot 1`] = `
.c4 {
  -webkit-text-decoration: none;
  text-decoration: none;
}

.c4:hover {
  -webkit-text-decoration: underline;
  text-decoration: underline;
  opacity: 0.8;
}

.c4:active {
  opacity: 0.4;
}

.c0 {
  display: -webkit-box;
  display: -webkit-flex;
  display: -ms-flexbox;
  display: flex;
  -webkit-align-items: center;
  -webkit-box-align: center;
  -ms-flex-align: center;
  align-items: center;
  padding: 0 1rem;
  min-height: 2.75rem;
  font-weight: 500;
}

.c1 {
  -webkit-flex: 1;
  -ms-flex: 1;
  flex: 1;
  padding: 0.625rem 0;
}

.c2 {
  display: -webkit-box;
  display: -webkit-flex;
  display: -ms-flexbox;
  display: flex;
}

.c3 {
  display: -webkit-box;
  display: -webkit-flex;
  display: -ms-flexbox;
  display: flex;
  -webkit-align-items: center;
  -webkit-box-align: center;
  -ms-flex-align: center;
  align-items: center;
  min-width: 6rem;
}

.c3 .icon {
  margin-right: 0.125rem;
}

<div
  class="c0"
>
  <div
    class="c1"
  >
    test
  </div>
  <div
    class="c2"
  >
    <div
      class="c3"
    >
      <svg>
        star.svg
      </svg>
      1
    </div>
    <a
      class="c4"
      href="testUrl"
      rel="noopener noreferrer"
      target="_blank"
    >
      <svg>
        new-window.svg
      </svg>
    </a>
  </div>
</div>
`;
