// Jest Snapshot v1, https://goo.gl/fbAQLP

exports[`getTranslationMessages Saga should call the loadMessages action with the defaultMessages if the response errors 1`] = `
Object {
  "@@redux-saga/IO": true,
  "combinator": false,
  "payload": Object {
    "args": Array [
      "de",
    ],
    "context": null,
    "fn": [Function],
  },
  "type": "CALL",
}
`;

exports[`getTranslationMessages Saga should dispatch the loadMessages action if it requests the translations successfully 1`] = `
Object {
  "@@redux-saga/IO": true,
  "combinator": false,
  "payload": Object {
    "args": Array [
      "de",
    ],
    "context": null,
    "fn": [Function],
  },
  "type": "CALL",
}
`;
