// Jest Snapshot v1, https://goo.gl/fbAQLP

exports[`<HomePage /> should render and match the snapshot 1`] = `
<article>
  <div>
    <section
      class="Section-sc-1eulrsm-0 CenteredSection-sc-6zy0wx-0 imGCbL"
    >
      <h2
        class="H2-egphza-0 HsCXl"
      />
      <p />
    </section>
    <section
      class="Section-sc-1eulrsm-0 eTEsZl"
    >
      <b>
        String List
      </b>
      <p>
        List of strings from '/db/json.data' file on server via          API call
      </p>
      <div
        class="Wrapper-sc-1umgotm-0 laCwDT"
      >
        <ul
          class="Ul-mwnq6h-0 jcxXFy"
        />
      </div>
    </section>
  </div>
</article>
`;
