// Jest Snapshot v1, https://goo.gl/fbAQLP

exports[`<HomePage /> should render and match the snapshot 1`] = `
<article>
  <div>
    <section
      class="Section-sc-1mfbo1w-0 CenteredSection-l0vdni-0 iKNPAw"
    >
      <h2
        class="H2-egphza-0 HsCXl"
      >
        <span>
          Start your next react project in seconds
        </span>
      </h2>
      <p>
        <span>
          A highly scalable, offline-first foundation with the best DX and a focus on performance and best practices
        </span>
      </p>
    </section>
    <section
      class="Section-sc-1mfbo1w-0 jYCGiw"
    >
      <h2
        class="H2-egphza-0 HsCXl"
      >
        <span>
          Try me!
        </span>
      </h2>
      <form
        class="Form-sc-1ca4hrd-0 iPjOeM"
      >
        <label
          for="username"
        >
          <span>
            Show Github repositories by
          </span>
          <span
            class="AtPrefix-i1vtv2-0 kYMJSF"
          >
            <span>
              @
            </span>
          </span>
          <input
            class="Input-u6wrzj-0 HQDDt"
            id="username"
            placeholder="mxstbr"
            type="text"
            value=""
          />
        </label>
      </form>
    </section>
  </div>
</article>
`;
